
> my-v0-project@0.1.0 build D:\globex-new
> next build

node.exe : 'next' is not 
recognized as an internal 
or external command,
At C:\Users\rahul\AppData\Ro
aming\npm\pnpm.ps1:24 char:5
+     & "node$exe"  "$basedi
r/node_modules/pnpm/bin/pnpm
.cjs" $args
+     ~~~~~~~~~~~~~~~~~~~~~~
~~~~~~~~~~~~~~~~~~~~~~~~~~~~
~~~~~~~~~~~
    + CategoryInfo          
    : NotSpecified: ('next  
  ' is not r...ternal com   
 mand,:String) [], Remot    
eException
    + FullyQualifiedErrorId 
    : NativeCommandError
 
operable program or batch 
file.
ΓÇëELIFECYCLEΓÇë Command failed with exit code 1.
